---
source: tests/snapshots.rs
expression: "Core::METHODS"
---
[
  "status",
  "volumes",
  "session",
  "clear",
  "stage",
  "analyse",
  "load",
  "dates",
  "suggest",
  "import",
  "photos",
  "verify",
  "eject",
  "format_plan",
  "format",
  "card_prep_plan",
  "card_prep",
  "library",
  "library_rebuild",
  "library_rate",
  "library_edit",
  "library_update",
  "library_rename",
  "library_cuts",
  "library_export_cuts",
  "library_trash",
  "library_untrash",
  "library_photos",
  "library_apply_name_format",
  "library_match_logs",
  "library_rescan",
  "library_preview",
  "library_strips",
  "card_status",
  "settings",
  "settings_set",
  "places",
  "place_search",
  "place_save",
  "place_delete",
  "profiles",
  "profile_save",
  "profile_delete",
  "profile_default",
  "session_cuts",
  "session_split",
  "library_split",
  "modules",
  "module_install",
  "module_remove",
  "modules_check",
  "gear_status",
  "gear_devices",
  "gear_device_save",
  "gear_device_forget",
  "gear_dismiss_reminder"
]
