---
source: tests/snapshots.rs
expression: "Core::METHODS"
---
[
  "status",
  "volumes",
  "session",
  "clear",
  "stage",
  "analyse",
  "load",
  "dates",
  "suggest",
  "import",
  "photos",
  "verify",
  "eject",
  "format_plan",
  "format",
  "card_prep_plan",
  "card_prep",
  "library",
  "library_rebuild",
  "library_rate",
  "library_edit",
  "library_update",
  "library_rename",
  "library_cuts",
  "library_export_cuts",
  "library_trash",
  "library_untrash",
  "library_photos",
  "library_apply_name_format",
  "library_match_logs",
  "library_rescan",
  "library_preview",
  "library_strips",
  "card_status",
  "settings",
  "settings_set",
  "places",
  "place_search",
  "place_save",
  "place_delete",
  "profiles",
  "profile_save",
  "profile_delete",
  "profile_default",
  "session_cuts",
  "session_split",
  "library_split",
  "modules",
  "module_install",
  "module_remove",
  "modules_check",
  "gear_status",
  "gear_devices",
  "gear_device_save",
  "gear_device_forget",
  "gear_fc_identify",
  "gear_fc_read",
  "gear_board_notes",
  "gear_usb_timers",
  "gear_poll_pause",
  "gear_dismiss_reminder",
  "gear_osd",
  "gear_osd_edit",
  "gear_rates",
  "gear_rates_preview",
  "gear_sims",
  "gear_sim_sync_plan",
  "gear_sim_sync",
  "gear_sim_restore_plan",
  "gear_sim_restore",
  "gear_firmware",
  "gear_splash",
  "gear_flash_plan",
  "gear_firmware_read",
  "gear_flash",
  "gear_elrs",
  "gear_elrs_read",
  "gear_elrs_flash_plan",
  "gear_elrs_flash",
  "gear_card",
  "gear_model",
  "gear_model_edit",
  "gear_voice",
  "gear_voice_preview",
  "gear_voice_edit",
  "gear_voice_render",
  "gear_voice_pack_install",
  "gear_voice_choose",
  "gear_card_preview",
  "gear_switch_map",
  "gear_radio",
  "gear_radio_watch",
  "gear_sim_calibration",
  "gear_sim_calibration_save",
  "gear_sim_defaults",
  "gear_sim_validate",
  "gear_sim_calibrate",
  "gear_flights",
  "gear_flight_set",
  "gear_flight_folders",
  "gear_packs",
  "gear_pack_save",
  "gear_pack_delete",
  "gear_pack_type_save",
  "gear_pack_type_delete",
  "gear_pack_notes",
  "gear_session_report",
  "gear_session_report_save",
  "gear_preflight",
  "gear_crashes",
  "gear_crash_save",
  "gear_crash_delete",
  "gear_backup",
  "gear_backups",
  "gear_backup_read",
  "gear_backup_diff",
  "gear_backup_pin",
  "gear_storage",
  "gear_prune",
  "gear_export",
  "gear_import_backups",
  "gear_dfu_link",
  "gear_radio_cli",
  "gear_card_clean",
  "gear_card_check",
  "gear_card_checks",
  "gear_card_repair",
  "gear_changes",
  "gear_change_stage",
  "gear_change_update",
  "gear_change_discard",
  "gear_restore_stage",
  "gear_apply_plan",
  "gear_apply",
  "gear_change_keep",
  "gear_change_revert",
  "gear_copy_plan",
  "gear_copy_stage",
  "gear_card_mount",
  "gear_card_unmount",
  "gear_stop"
]
