---
source: tests/snapshots.rs
expression: text
---
===== quadcam-cli  --help
Import FPV clips (analog DVR, DJI): stage, date, name, convert, verify, share, format

Usage: quadcam-cli [OPTIONS] <COMMAND>

Commands:
  cards     List removable volumes: cards (with their source, analog or DJI) and radio log sources
  scan      List the clips on a volume or folder without copying anything
  stage     Copy every clip off a card or folder into staging and start a new session
  analyze   Probe staged clips, recover half-written ones, make thumbnails
  dates     Date clips from radio logs, and override dates and times per clip
  show      Show the current session: clips, plans, results
  clear     Forget the current session and delete the session file (staged copies stay)
  moments   Show each clip's moments (radio-log sticks and dead air), keep ranges and cuts
  profiles  Aircraft profiles: list (default), save, delete, set the default
  places    Saved places: list (default), search by address or name, save, delete
  settings  The app's settings: show (default) or set
  modules   Tools QuadCam downloads from their upstream (ffmpeg, esptool): list (default), check for newer pins, install, remove
  meta      Set metadata on clips: profile, location, keywords, author
  cut       Set the cut ranges of one clip. Each exports as an extra <name>_cutN file on import
  import    Convert and verify every non-skipped clip
  verify    Re-verify outputs: the session's (default) or one file against its source
  photos    Add videos to Photos: given files, or the session's verified outputs
  eject     Make a card safe to remove: unmount it, or eject a disk that is not a card (mount point or /dev/diskN; default: the session's card)
  format    Erase the session's card with its source's file system (FAT32 for analog). Runs every guard and refuses without all of --device, --volume-uuid and --yes. With --prep, erase a card with no session instead (card prep: every clip on it must be in the library; a DJI goggles card becomes exFAT); --plan then needs --mount
  library   The library: list, rate, rename, edit (details, aircraft, date, time), cut, trash, Photos
  gear      Gear: the radio, flight controllers, goggles and cards QuadCam knows and sees
  mcp       Run the MCP server on stdio
  help      Print this message or the help of the given subcommand(s)

Options:
      --json            Print one JSON object: {"ok":true,"result":...} or {"ok":false,"error":{...}}
      --session <FILE>  Session file (default: ~/Library/Caches/app.quadcam/session.json)
  -h, --help            Print help
  -V, --version         Print version
===== quadcam-cli cards --help
List removable volumes: cards (with their source, analog or DJI) and radio log sources

Usage: quadcam-cli cards [OPTIONS]

Options:
      --json            Print one JSON object: {"ok":true,"result":...} or {"ok":false,"error":{...}}
      --session <FILE>  Session file (default: ~/Library/Caches/app.quadcam/session.json)
  -h, --help            Print help
===== quadcam-cli scan --help
List the clips on a volume or folder without copying anything

Usage: quadcam-cli scan [OPTIONS] <PATH>

Arguments:
  <PATH>  

Options:
      --json            Print one JSON object: {"ok":true,"result":...} or {"ok":false,"error":{...}}
      --session <FILE>  Session file (default: ~/Library/Caches/app.quadcam/session.json)
  -h, --help            Print help
===== quadcam-cli stage --help
Copy every clip off a card or folder into staging and start a new session

Usage: quadcam-cli stage [OPTIONS] [PATH]

Arguments:
  [PATH]  Card mount point or folder. Default: the first detected card

Options:
      --json            Print one JSON object: {"ok":true,"result":...} or {"ok":false,"error":{...}}
      --no-join         Keep recordings the DVR split into files as separate clips this run (the join_split_recordings setting is on by default)
      --session <FILE>  Session file (default: ~/Library/Caches/app.quadcam/session.json)
  -h, --help            Print help
===== quadcam-cli analyze --help
Probe staged clips, recover half-written ones, make thumbnails

Usage: quadcam-cli analyze [OPTIONS]

Options:
      --json            Print one JSON object: {"ok":true,"result":...} or {"ok":false,"error":{...}}
      --session <FILE>  Session file (default: ~/Library/Caches/app.quadcam/session.json)
  -h, --help            Print help
===== quadcam-cli dates --help
Date clips from radio logs, and override dates and times per clip

Usage: quadcam-cli dates [OPTIONS]

Options:
      --json             Print one JSON object: {"ok":true,"result":...} or {"ok":false,"error":{...}}
      --logs <LOGS>      EdgeTX LOGS folder or the radio's root
      --no-logs          Ignore radio logs; every clip gets the import date
      --session <FILE>   Session file (default: ~/Library/Caches/app.quadcam/session.json)
      --day <DAY>        Log day to match against (YYYY-MM-DD). Default: newest plausible day
      --set <ID=DATE>    Override one clip's date: ID=YYYY-MM-DD. Repeatable
      --time <ID=HH:MM>  Set one clip's time of day: ID=HH:MM ("ID=" for noon). Repeatable
  -h, --help             Print help
===== quadcam-cli show --help
Show the current session: clips, plans, results

Usage: quadcam-cli show [OPTIONS]

Options:
      --json            Print one JSON object: {"ok":true,"result":...} or {"ok":false,"error":{...}}
      --session <FILE>  Session file (default: ~/Library/Caches/app.quadcam/session.json)
  -h, --help            Print help
===== quadcam-cli clear --help
Forget the current session and delete the session file (staged copies stay)

Usage: quadcam-cli clear [OPTIONS]

Options:
      --json            Print one JSON object: {"ok":true,"result":...} or {"ok":false,"error":{...}}
      --session <FILE>  Session file (default: ~/Library/Caches/app.quadcam/session.json)
  -h, --help            Print help
===== quadcam-cli moments --help
Show each clip's moments (radio-log sticks and dead air), keep ranges and cuts

Usage: quadcam-cli moments [OPTIONS] [IDS]...

Arguments:
  [IDS]...  Clip ids. Default: every clip

Options:
      --json            Print one JSON object: {"ok":true,"result":...} or {"ok":false,"error":{...}}
      --session <FILE>  Session file (default: ~/Library/Caches/app.quadcam/session.json)
  -h, --help            Print help
===== quadcam-cli profiles --help
Aircraft profiles: list (default), save, delete, set the default

Usage: quadcam-cli profiles [OPTIONS] [COMMAND]

Commands:
  list     List profiles and the default
  save     Create a profile, or change the given fields of an existing one
  delete   Delete a profile
  default  Set the default profile ("" for none)
  help     Print this message or the help of the given subcommand(s)

Options:
      --json            Print one JSON object: {"ok":true,"result":...} or {"ok":false,"error":{...}}
      --session <FILE>  Session file (default: ~/Library/Caches/app.quadcam/session.json)
  -h, --help            Print help
===== quadcam-cli profiles list --help
List profiles and the default

Usage: quadcam-cli profiles list [OPTIONS]

Options:
      --json            Print one JSON object: {"ok":true,"result":...} or {"ok":false,"error":{...}}
      --session <FILE>  Session file (default: ~/Library/Caches/app.quadcam/session.json)
  -h, --help            Print help
===== quadcam-cli profiles save --help
Create a profile, or change the given fields of an existing one

Usage: quadcam-cli profiles save [OPTIONS] <NAME>

Arguments:
  <NAME>  

Options:
      --aircraft <AIRCRAFT>          
      --json                         Print one JSON object: {"ok":true,"result":...} or {"ok":false,"error":{...}}
      --camera-make <CAMERA_MAKE>    
      --session <FILE>               Session file (default: ~/Library/Caches/app.quadcam/session.json)
      --camera-model <CAMERA_MODEL>  
      --video-system <VIDEO_SYSTEM>  Analog, DJI O4, Walksnail, HDZero, ...
      --keywords <KEYWORDS>          Comma-separated; replaces the list
      --author <AUTHOR>              
      --place <PLACE>                A saved place name ("" for none)
      --models <MODELS>              EdgeTX model names, comma-separated; replaces the list
      --rename <RENAME>              New name for the profile
      --default                      Also make it the default profile
  -h, --help                         Print help
===== quadcam-cli profiles delete --help
Delete a profile

Usage: quadcam-cli profiles delete [OPTIONS] <NAME>

Arguments:
  <NAME>  

Options:
      --json            Print one JSON object: {"ok":true,"result":...} or {"ok":false,"error":{...}}
      --session <FILE>  Session file (default: ~/Library/Caches/app.quadcam/session.json)
  -h, --help            Print help
===== quadcam-cli profiles default --help
Set the default profile ("" for none)

Usage: quadcam-cli profiles default [OPTIONS] <NAME>

Arguments:
  <NAME>  

Options:
      --json            Print one JSON object: {"ok":true,"result":...} or {"ok":false,"error":{...}}
      --session <FILE>  Session file (default: ~/Library/Caches/app.quadcam/session.json)
  -h, --help            Print help
===== quadcam-cli places --help
Saved places: list (default), search by address or name, save, delete

Usage: quadcam-cli places [OPTIONS] [COMMAND]

Commands:
  list    List saved places
  search  Find an address or a named place: name, address, latitude and longitude
  save    Create a place, or change an existing one
  delete  Delete a saved place. Profiles that use it lose their default place
  help    Print this message or the help of the given subcommand(s)

Options:
      --json            Print one JSON object: {"ok":true,"result":...} or {"ok":false,"error":{...}}
      --session <FILE>  Session file (default: ~/Library/Caches/app.quadcam/session.json)
  -h, --help            Print help
===== quadcam-cli places list --help
List saved places

Usage: quadcam-cli places list [OPTIONS]

Options:
      --json            Print one JSON object: {"ok":true,"result":...} or {"ok":false,"error":{...}}
      --session <FILE>  Session file (default: ~/Library/Caches/app.quadcam/session.json)
  -h, --help            Print help
===== quadcam-cli places search --help
Find an address or a named place: name, address, latitude and longitude

Usage: quadcam-cli places search [OPTIONS] <QUERY>

Arguments:
  <QUERY>  

Options:
      --json                 Print one JSON object: {"ok":true,"result":...} or {"ok":false,"error":{...}}
      --provider <PROVIDER>  apple, nominatim, census or google. Default: the geocoder setting (apple)
      --limit <LIMIT>        At most this many results (1 to 10) [default: 5]
      --session <FILE>       Session file (default: ~/Library/Caches/app.quadcam/session.json)
  -h, --help                 Print help
===== quadcam-cli places save --help
Create a place, or change an existing one

Usage: quadcam-cli places save [OPTIONS] <NAME>

Arguments:
  <NAME>  

Options:
      --json                 Print one JSON object: {"ok":true,"result":...} or {"ok":false,"error":{...}}
      --location <LOCATION>  LAT,LON in decimal degrees
      --search <SEARCH>      Take the location from a place search
      --session <FILE>       Session file (default: ~/Library/Caches/app.quadcam/session.json)
      --pick <PICK>          Which search result to take (1 is the first) [default: 1]
      --provider <PROVIDER>  apple, nominatim, census or google, for --search
      --rename <RENAME>      New name for the place
  -h, --help                 Print help
===== quadcam-cli places delete --help
Delete a saved place. Profiles that use it lose their default place

Usage: quadcam-cli places delete [OPTIONS] <NAME>

Arguments:
  <NAME>  

Options:
      --json            Print one JSON object: {"ok":true,"result":...} or {"ok":false,"error":{...}}
      --session <FILE>  Session file (default: ~/Library/Caches/app.quadcam/session.json)
  -h, --help            Print help
===== quadcam-cli settings --help
The app's settings: show (default) or set

Usage: quadcam-cli settings [OPTIONS] [COMMAND]

Commands:
  show  Show the settings file, its values and the effective settings
  set   Set settings: KEY=VALUE, where VALUE is JSON or plain text ("null" resets a key). Keys: output_dir, format, encoder, keep_originals, add_time, delete_clips_after_import, default_name, photos_album, format_label, log_dir, layout, place_folders, tunables, geocoder, name_date_format, default_profile, ffmpeg_source, modules; Gear: gear_dir, gear_auto_backup, gear_keep_recent, gear_keep_weeks, gear_keep_monthly, gear_usb_minutes, gear_on_connect, gear_cues, firmware_check, tts_provider, tts_key; sim_preview
  help  Print this message or the help of the given subcommand(s)

Options:
      --json            Print one JSON object: {"ok":true,"result":...} or {"ok":false,"error":{...}}
      --session <FILE>  Session file (default: ~/Library/Caches/app.quadcam/session.json)
  -h, --help            Print help
===== quadcam-cli settings show --help
Show the settings file, its values and the effective settings

Usage: quadcam-cli settings show [OPTIONS]

Options:
      --json            Print one JSON object: {"ok":true,"result":...} or {"ok":false,"error":{...}}
      --session <FILE>  Session file (default: ~/Library/Caches/app.quadcam/session.json)
  -h, --help            Print help
===== quadcam-cli settings set --help
Set settings: KEY=VALUE, where VALUE is JSON or plain text ("null" resets a key). Keys: output_dir, format, encoder, keep_originals, add_time, delete_clips_after_import, default_name, photos_album, format_label, log_dir, layout, place_folders, tunables, geocoder, name_date_format, default_profile, ffmpeg_source, modules; Gear: gear_dir, gear_auto_backup, gear_keep_recent, gear_keep_weeks, gear_keep_monthly, gear_usb_minutes, gear_on_connect, gear_cues, firmware_check, tts_provider, tts_key; sim_preview

Usage: quadcam-cli settings set [OPTIONS] <KEY=VALUE>...

Arguments:
  <KEY=VALUE>...  

Options:
      --json            Print one JSON object: {"ok":true,"result":...} or {"ok":false,"error":{...}}
      --session <FILE>  Session file (default: ~/Library/Caches/app.quadcam/session.json)
  -h, --help            Print help
===== quadcam-cli meta --help
Set metadata on clips: profile, location, keywords, author

Usage: quadcam-cli meta [OPTIONS] <IDS>...

Arguments:
  <IDS>...  Clip ids, or `all`

Options:
      --json                 Print one JSON object: {"ok":true,"result":...} or {"ok":false,"error":{...}}
      --profile <PROFILE>    Aircraft profile name ("" to fall back to the log's model, then the default)
      --place <PLACE>        A saved place name
      --session <FILE>       Session file (default: ~/Library/Caches/app.quadcam/session.json)
      --location <LOCATION>  LAT,LON in decimal degrees
      --clear-location       
      --keywords <KEYWORDS>  Comma-separated keywords; replaces the clip's own
      --author <AUTHOR>      
  -h, --help                 Print help
===== quadcam-cli cut --help
Set the cut ranges of one clip. Each exports as an extra <name>_cutN file on import

Usage: quadcam-cli cut [OPTIONS] <ID> [RANGES]...

Arguments:
  <ID>         
  [RANGES]...  Ranges in clip seconds or m:ss, for example 12.5-18 or 1:02-1:10. Replaces the list

Options:
      --json                     Print one JSON object: {"ok":true,"result":...} or {"ok":false,"error":{...}}
      --keep                     Use the suggested keep ranges (the clip without its dead air)
      --clear                    Remove every cut
      --session <FILE>           Session file (default: ~/Library/Caches/app.quadcam/session.json)
      --by-flight                Add one cut per radio-log flight (the armed range plus up to 2 s each side)
      --log-offset <LOG_OFFSET>  Seconds into the clip where the radio log's first armed row falls
      --removed <REMOVED>        For cuts already exported that the new list drops: keep their files (as clips of their own) or move them to the Trash [possible values: keep, trash]
  -h, --help                     Print help
===== quadcam-cli import --help
Convert and verify every non-skipped clip

Usage: quadcam-cli import [OPTIONS]

Options:
      --json                Print one JSON object: {"ok":true,"result":...} or {"ok":false,"error":{...}}
      --plan <FILE>         JSON plan: {"clips":[{"id":0,"name":"..","date":"YYYY-MM-DD","time":"HH:MM","note":"..","skip":false}]}
      --name <ID=NAME>      Short name for one clip: ID=NAME. Repeatable
      --session <FILE>      Session file (default: ~/Library/Caches/app.quadcam/session.json)
      --note <ID=NOTE>      Note for one clip: ID=NOTE. Repeatable
      --date <ID=DATE>      Date for one clip: ID=YYYY-MM-DD. Repeatable
      --time <ID=HH:MM>     Time of day for one clip: ID=HH:MM ("ID=" for noon). Repeatable
      --skip <ID>           Skip a clip. Repeatable
      --unskip <ID>         Import a clip that was skipped. Repeatable
      --separate <ID>       Import the files of a split recording (ID: its first file) as clips of their own. Repeatable
      --join <ID>           Import the files of a split recording (ID: its first file) as one clip. Repeatable
      --cut <ID=START-END>  Add a cut range to a clip: ID=START-END (seconds or m:ss). Repeatable
      --format <FORMAT>     [possible values: mp4, mov]
      --encoder <ENCODER>   [possible values: videotoolbox, x264]
      --output <OUTPUT>     Output folder (default: ~/Movies/quadcam)
      --keep-originals      
      --add-time            Add HHMM to names of clips dated from a radio log
      --add-to-photos       
      --album <ALBUM>       Photos album (default "Drone"; "" for library only)
      --keep-clips          Keep every clip on the card this run, even when delete_clips_after_import is on
  -h, --help                Print help
===== quadcam-cli verify --help
Re-verify outputs: the session's (default) or one file against its source

Usage: quadcam-cli verify [OPTIONS] [OUTPUT]

Arguments:
  [OUTPUT]  

Options:
      --json             Print one JSON object: {"ok":true,"result":...} or {"ok":false,"error":{...}}
      --source <SOURCE>  Source AVI for a one-off check (frames, duration, streams)
      --session <FILE>   Session file (default: ~/Library/Caches/app.quadcam/session.json)
  -h, --help             Print help
===== quadcam-cli photos --help
Add videos to Photos: given files, or the session's verified outputs

Usage: quadcam-cli photos [OPTIONS] [FILES]...

Arguments:
  [FILES]...  

Options:
      --album <ALBUM>   
      --json            Print one JSON object: {"ok":true,"result":...} or {"ok":false,"error":{...}}
      --dry-run         Check the files and report; add nothing
      --session <FILE>  Session file (default: ~/Library/Caches/app.quadcam/session.json)
  -h, --help            Print help
===== quadcam-cli eject --help
Make a card safe to remove: unmount it, or eject a disk that is not a card (mount point or /dev/diskN; default: the session's card)

Usage: quadcam-cli eject [OPTIONS] [TARGET]

Arguments:
  [TARGET]  

Options:
      --json            Print one JSON object: {"ok":true,"result":...} or {"ok":false,"error":{...}}
      --session <FILE>  Session file (default: ~/Library/Caches/app.quadcam/session.json)
  -h, --help            Print help
===== quadcam-cli format --help
Erase the session's card with its source's file system (FAT32 for analog). Runs every guard and refuses without all of --device, --volume-uuid and --yes. With --prep, erase a card with no session instead (card prep: every clip on it must be in the library; a DJI goggles card becomes exFAT); --plan then needs --mount

Usage: quadcam-cli format [OPTIONS]

Options:
      --device <DEVICE>            Whole-disk device of the card, for example /dev/disk4
      --json                       Print one JSON object: {"ok":true,"result":...} or {"ok":false,"error":{...}}
      --session <FILE>             Session file (default: ~/Library/Caches/app.quadcam/session.json)
      --volume-uuid <VOLUME_UUID>  
      --label <LABEL>              Volume name (default DVR)
      --yes                        
      --plan                       Only print what would be erased; runs every guard
      --prep                       Card prep: a card with no session, new or with every clip in the library
      --mount <MOUNT>              Card prep: the card's mount point, for --plan
  -h, --help                       Print help
===== quadcam-cli library --help
The library: list, rate, rename, edit (details, aircraft, date, time), cut, trash, Photos

Usage: quadcam-cli library [OPTIONS] <COMMAND>

Commands:
  list               List clips, newest first
  rate               Set stars (0 to 5, 0 clears) and pick or reject flags. Written into the files too
  rebuild            Make the index again from the files (also adopts an existing export folder)
  rename             Rename a clip's file, its cuts and its original
  edit               Change a clip's note, keywords, author, place, aircraft profile, date or time
  cut                Set a clip's cut ranges, and write the new ones with --export
  apply-name-format  Rename clips to the name date format setting (YYYY-MM-DD or YY.MM.DD), with their cuts and originals. Default: every clip. Folders stay as they are
  match-logs         Match radio logs to library clips by shape. Reports only; --apply writes the flight numbers and moments of "matched" clips (and "likely" ones named by id)
  trash              Move clips, with their cuts and originals, to the Trash
  photos             Add clips and their cuts to Photos
  help               Print this message or the help of the given subcommand(s)

Options:
      --json            Print one JSON object: {"ok":true,"result":...} or {"ok":false,"error":{...}}
      --session <FILE>  Session file (default: ~/Library/Caches/app.quadcam/session.json)
  -h, --help            Print help
===== quadcam-cli library list --help
List clips, newest first

Usage: quadcam-cli library list [OPTIONS]

Options:
      --json                     Print one JSON object: {"ok":true,"result":...} or {"ok":false,"error":{...}}
  -q, --query <QUERY>            Words that must all appear in the name, note, place, aircraft, keywords or file
      --group <GROUP>            all, last_import, moments, picks, rejected, not_in_photos [possible values: all, last_import, moments, picks, rejected, not_in_photos]
      --session <FILE>           Session file (default: ~/Library/Caches/app.quadcam/session.json)
      --day <DAY>                One flying day (YYYY-MM-DD)
      --place <PLACE>            
      --aircraft <AIRCRAFT>      
      --min-rating <MIN_RATING>  At least this many stars
  -h, --help                     Print help
===== quadcam-cli library rate --help
Set stars (0 to 5, 0 clears) and pick or reject flags. Written into the files too

Usage: quadcam-cli library rate [OPTIONS] <IDS>...

Arguments:
  <IDS>...  

Options:
      --json            Print one JSON object: {"ok":true,"result":...} or {"ok":false,"error":{...}}
      --stars <STARS>   
      --pick            
      --session <FILE>  Session file (default: ~/Library/Caches/app.quadcam/session.json)
      --reject          
      --unflag          
  -h, --help            Print help
===== quadcam-cli library rebuild --help
Make the index again from the files (also adopts an existing export folder)

Usage: quadcam-cli library rebuild [OPTIONS]

Options:
      --json            Print one JSON object: {"ok":true,"result":...} or {"ok":false,"error":{...}}
      --session <FILE>  Session file (default: ~/Library/Caches/app.quadcam/session.json)
  -h, --help            Print help
===== quadcam-cli library rename --help
Rename a clip's file, its cuts and its original

Usage: quadcam-cli library rename [OPTIONS] <ID> <NAME>

Arguments:
  <ID>    
  <NAME>  

Options:
      --json            Print one JSON object: {"ok":true,"result":...} or {"ok":false,"error":{...}}
      --session <FILE>  Session file (default: ~/Library/Caches/app.quadcam/session.json)
  -h, --help            Print help
===== quadcam-cli library edit --help
Change a clip's note, keywords, author, place, aircraft profile, date or time

Usage: quadcam-cli library edit [OPTIONS] <ID>

Arguments:
  <ID>  

Options:
      --json                 Print one JSON object: {"ok":true,"result":...} or {"ok":false,"error":{...}}
      --note <NOTE>          
      --keywords <KEYWORDS>  Comma-separated; replaces the list
      --session <FILE>       Session file (default: ~/Library/Caches/app.quadcam/session.json)
      --author <AUTHOR>      
      --place <PLACE>        A saved place name ("" removes the location)
      --location <LOCATION>  LAT,LON in decimal degrees
      --profile <PROFILE>    Aircraft profile name ("" removes the profile's details). Rewrites make, model, aircraft and the profile's keywords
      --date <DATE>          New flying day (YYYY-MM-DD). Moves the clip, its cuts and its original
      --time <TIME>          Time of day (HH:MM, "" for noon). Without it a new date keeps the clip's time
  -h, --help                 Print help
===== quadcam-cli library cut --help
Set a clip's cut ranges, and write the new ones with --export

Usage: quadcam-cli library cut [OPTIONS] <ID> [RANGES]...

Arguments:
  <ID>         
  [RANGES]...  Ranges in seconds or m:ss. Replaces the list

Options:
      --clear              
      --json               Print one JSON object: {"ok":true,"result":...} or {"ok":false,"error":{...}}
      --by-flight          Add one cut per radio-log flight (the armed range plus up to 2 s each side)
      --session <FILE>     Session file (default: ~/Library/Caches/app.quadcam/session.json)
      --removed <REMOVED>  For exported cuts the new list drops: keep their files or move them to the Trash [possible values: keep, trash]
      --export             Write the cuts that are not files yet
  -h, --help               Print help
===== quadcam-cli library apply-name-format --help
Rename clips to the name date format setting (YYYY-MM-DD or YY.MM.DD), with their cuts and originals. Default: every clip. Folders stay as they are

Usage: quadcam-cli library apply-name-format [OPTIONS] [IDS]...

Arguments:
  [IDS]...  

Options:
      --json            Print one JSON object: {"ok":true,"result":...} or {"ok":false,"error":{...}}
      --session <FILE>  Session file (default: ~/Library/Caches/app.quadcam/session.json)
  -h, --help            Print help
===== quadcam-cli library trash --help
Move clips, with their cuts and originals, to the Trash

Usage: quadcam-cli library trash [OPTIONS] <IDS>...

Arguments:
  <IDS>...  

Options:
      --json            Print one JSON object: {"ok":true,"result":...} or {"ok":false,"error":{...}}
      --session <FILE>  Session file (default: ~/Library/Caches/app.quadcam/session.json)
  -h, --help            Print help
===== quadcam-cli library photos --help
Add clips and their cuts to Photos

Usage: quadcam-cli library photos [OPTIONS] <IDS>...

Arguments:
  <IDS>...  

Options:
      --album <ALBUM>   
      --json            Print one JSON object: {"ok":true,"result":...} or {"ok":false,"error":{...}}
      --session <FILE>  Session file (default: ~/Library/Caches/app.quadcam/session.json)
  -h, --help            Print help
===== quadcam-cli gear --help
Gear: the radio, flight controllers, goggles and cards QuadCam knows and sees

Usage: quadcam-cli gear [OPTIONS] <COMMAND>

Commands:
  status          The gear folder, the Gear settings, and the devices plugged in now
  devices         Saved devices: list (default), save a name or aircraft, forget
  fc              A Betaflight flight controller: identify, read, check, board notes, USB timer
  osd             An FC's OSD layout per OSD profile, drawn on its grid and checked for overlaps and cells off screen. Reads a dump or diff file
  osd-edit        Stages OSD moves, toggles or a profile copy for an FC (one "OSD layout" change)
  card            An EdgeTX card: models, the selected model, the radio clock; `preview` checks edits
  map             The switch map: what each radio control does on the radio and the FC, per position. Reads an EdgeTX card or model file and a Betaflight dump; --live marks the positions now
  radio           The radio in USB Joystick mode now: buttons, axes, channel values
  sim             The sim: a radio's calibration, the defaults an aircraft gives it
  flights         Flights from the radio logs: measures, pack, place, clip. `set` and `folders`
  report          The session report for a day, else the last import's days
  preflight       The "Pack up" check: packs charged, radio model, card space, backups, cards still in
  packs           Packs with their history, pack types, the charging notes
  crashes         The crash and repair log: list, `save`, `delete`
  backup          Back up a radio card or an FC (the FC reboots); `show`, `diff` and `pin` a backup
  backups         Backups, newest first
  storage         The gear folder's size per device; --prune thins backups; --export writes folders
  import-backups  Import an old backup folder: radio card copies, FC diff/dump files, LOGS folders
  card-check      Check a card's file system (diskutil verifyVolume, read-only); --log lists past checks
  card-repair     Repair a card whose latest check failed: a backup first, the repair, a check after
  changes         Staged changes waiting to be applied (--history adds the rest)
  stage           Stage FC settings: raw CLI lines (--cli FILE) or --set NAME=VALUE. Writes nothing to the FC
  discard         Discard a staged change. It stays in the history
  restore         Stage a backup's settings back as a change. An FC backup restores its `dump all`; a radio card backup needs the files to put back (`--path`, repeat for more)
  update          Change a staged change's status (draft, ready, try, read_first), title, note or order
  keep            Keep an applied Try change
  revert          Stage a restore of the backup an applied change took. The change becomes Reverted when the restore verifies
  copy            Copy settings between quads: `--plan` shows the checks and the diff; without it the settings are staged as one change for the target FC
  card-mount      Mount an unmounted radio card to browse it; it unmounts after --minutes (10)
  card-unmount    Unmount a radio card (Done)
  apply           Apply a staged change to the FC: `--plan` shows the checks, diff and digest; `--digest D --yes` backs up, writes, saves, reads back and verifies
  stop            Stop a running backup or card check (its handle from `gear status`)
  help            Print this message or the help of the given subcommand(s)

Options:
      --json            Print one JSON object: {"ok":true,"result":...} or {"ok":false,"error":{...}}
      --session <FILE>  Session file (default: ~/Library/Caches/app.quadcam/session.json)
  -h, --help            Print help
===== quadcam-cli gear status --help
The gear folder, the Gear settings, and the devices plugged in now

Usage: quadcam-cli gear status [OPTIONS]

Options:
      --json            Print one JSON object: {"ok":true,"result":...} or {"ok":false,"error":{...}}
      --session <FILE>  Session file (default: ~/Library/Caches/app.quadcam/session.json)
  -h, --help            Print help
===== quadcam-cli gear devices --help
Saved devices: list (default), save a name or aircraft, forget

Usage: quadcam-cli gear devices [OPTIONS] [COMMAND]

Commands:
  list    List the saved devices
  save    Name a device or link it to an aircraft profile. A new device must be plugged in
  forget  Remove a device from the list. Its backups stay
  help    Print this message or the help of the given subcommand(s)

Options:
      --json            Print one JSON object: {"ok":true,"result":...} or {"ok":false,"error":{...}}
      --session <FILE>  Session file (default: ~/Library/Caches/app.quadcam/session.json)
  -h, --help            Print help
===== quadcam-cli gear devices list --help
List the saved devices

Usage: quadcam-cli gear devices list [OPTIONS]

Options:
      --json            Print one JSON object: {"ok":true,"result":...} or {"ok":false,"error":{...}}
      --session <FILE>  Session file (default: ~/Library/Caches/app.quadcam/session.json)
  -h, --help            Print help
===== quadcam-cli gear devices save --help
Name a device or link it to an aircraft profile. A new device must be plugged in

Usage: quadcam-cli gear devices save [OPTIONS] <ID>

Arguments:
  <ID>  The device id (from `gear status` or `gear devices`)

Options:
      --json                 Print one JSON object: {"ok":true,"result":...} or {"ok":false,"error":{...}}
      --name <NAME>          The device's name ("" for none)
      --aircraft <AIRCRAFT>  An aircraft profile name ("" to unlink)
      --session <FILE>       Session file (default: ~/Library/Caches/app.quadcam/session.json)
  -h, --help                 Print help
===== quadcam-cli gear devices forget --help
Remove a device from the list. Its backups stay

Usage: quadcam-cli gear devices forget [OPTIONS] <ID>

Arguments:
  <ID>  The device id

Options:
      --json            Print one JSON object: {"ok":true,"result":...} or {"ok":false,"error":{...}}
      --session <FILE>  Session file (default: ~/Library/Caches/app.quadcam/session.json)
  -h, --help            Print help
===== quadcam-cli gear fc --help
A Betaflight flight controller: identify, read, check, board notes, USB timer

Usage: quadcam-cli gear fc [OPTIONS] <COMMAND>

Commands:
  identify  Read the FC's identity over MSP: board, firmware, version, device id. No reboot
  read      Read through the CLI (read-only commands). The FC reboots when the read ends
  check     Offline: every CLI line of EXPECTED must appear verbatim in the `diff all` file
  notes     Known issues of FC boards and builds
  usb       Each FC's USB heat timer, as the app last read it
  pause     Pause the running app's own reads of an FC (the USB timer's probe, the on-connect backup) so another tool can have the port. Lasts until the app quits
  resume    Resume the app's reads of an FC
  help      Print this message or the help of the given subcommand(s)

Options:
      --json            Print one JSON object: {"ok":true,"result":...} or {"ok":false,"error":{...}}
      --session <FILE>  Session file (default: ~/Library/Caches/app.quadcam/session.json)
  -h, --help            Print help
===== quadcam-cli gear fc identify --help
Read the FC's identity over MSP: board, firmware, version, device id. No reboot

Usage: quadcam-cli gear fc identify [OPTIONS]

Options:
      --json            Print one JSON object: {"ok":true,"result":...} or {"ok":false,"error":{...}}
      --port <PORT>     The FC's port (/dev/cu.usbmodem...); omit when one FC is plugged in
      --session <FILE>  Session file (default: ~/Library/Caches/app.quadcam/session.json)
  -h, --help            Print help
===== quadcam-cli gear fc read --help
Read through the CLI (read-only commands). The FC reboots when the read ends

Usage: quadcam-cli gear fc read [OPTIONS]

Options:
      --json            Print one JSON object: {"ok":true,"result":...} or {"ok":false,"error":{...}}
      --port <PORT>     
      --cmd <COMMANDS>  A read-only command (repeat it): version, status, get NAME, diff all, dump all. Default: version, status, diff all, dump all
      --session <FILE>  Session file (default: ~/Library/Caches/app.quadcam/session.json)
      --out <OUT>       Also write each `diff all` and `dump all` to <OUT>.diff_all.txt and <OUT>.dump_all.txt. Refuses to overwrite a file
  -h, --help            Print help
===== quadcam-cli gear fc check --help
Offline: every CLI line of EXPECTED must appear verbatim in the `diff all` file

Usage: quadcam-cli gear fc check [OPTIONS] <DIFF> <EXPECTED>

Arguments:
  <DIFF>      A `diff all` file
  <EXPECTED>  A CLI file (comments and blank lines are skipped)

Options:
      --json            Print one JSON object: {"ok":true,"result":...} or {"ok":false,"error":{...}}
      --session <FILE>  Session file (default: ~/Library/Caches/app.quadcam/session.json)
  -h, --help            Print help
===== quadcam-cli gear fc notes --help
Known issues of FC boards and builds

Usage: quadcam-cli gear fc notes [OPTIONS]

Options:
      --board <BOARD>      
      --json               Print one JSON object: {"ok":true,"result":...} or {"ok":false,"error":{...}}
      --session <FILE>     Session file (default: ~/Library/Caches/app.quadcam/session.json)
      --version <VERSION>  
  -h, --help               Print help
===== quadcam-cli gear fc usb --help
Each FC's USB heat timer, as the app last read it

Usage: quadcam-cli gear fc usb [OPTIONS]

Options:
      --json            Print one JSON object: {"ok":true,"result":...} or {"ok":false,"error":{...}}
      --session <FILE>  Session file (default: ~/Library/Caches/app.quadcam/session.json)
  -h, --help            Print help
===== quadcam-cli gear map --help
The switch map: what each radio control does on the radio and the FC, per position. Reads an EdgeTX card or model file and a Betaflight dump; --live marks the positions now

Usage: quadcam-cli gear map [OPTIONS]

Options:
      --json                 Print one JSON object: {"ok":true,"result":...} or {"ok":false,"error":{...}}
      --radio <RADIO>        An EdgeTX card (mount or folder) or one model file
      --model <MODEL>        The model file on the card (model01.yml); default: the radio's selected model
      --session <FILE>       Session file (default: ~/Library/Caches/app.quadcam/session.json)
      --fc <FC>              Betaflight dump, diff or CLI files, read in order (a later file's lines win)
      --aircraft <AIRCRAFT>  An aircraft profile: the latest backups of its saved radio and FC
      --device <DEVICES>     A saved device whose latest backup to read (an FC or a radio); repeat for both
      --live                 Mark where each control is now: the FC's channels, else the radio's joystick
      --port <PORT>          The FC's port for --live; omit when one FC is plugged in
      --channels <CHANNELS>  Channel values to mark instead, µs, CH1 first (1500,1500,988,...)
      --text                 Print the map as text instead of the structured view
  -h, --help                 Print help
===== quadcam-cli gear radio --help
The radio in USB Joystick mode now: buttons, axes, channel values

Usage: quadcam-cli gear radio [OPTIONS]

Options:
      --json               Print one JSON object: {"ok":true,"result":...} or {"ok":false,"error":{...}}
      --wait-ms <WAIT_MS>  Milliseconds to wait for a report (default 500)
      --session <FILE>     Session file (default: ~/Library/Caches/app.quadcam/session.json)
  -h, --help               Print help
===== quadcam-cli mcp --help
Run the MCP server on stdio

Usage: quadcam-cli mcp [OPTIONS]

Options:
      --json            Print one JSON object: {"ok":true,"result":...} or {"ok":false,"error":{...}}
      --session <FILE>  Session file (default: ~/Library/Caches/app.quadcam/session.json)
  -h, --help            Print help
